[attr] loading momentum panel (cached)...
[attr] loading lottery α_17 panel...
[attr] lot: 9,202,593 rows  2.2s
[attr] merged panel: 8,891,352 rows
[attr] building baseline gates...
[attr] 101 rebalance dates  [2018-01-02 → 2026-04-03]
[attr] computed 89 per-date metric rows  48.4s

====================================================================================================
Per-year summary (mean of monthly values)
====================================================================================================
      spread_top_bot_20  universe_std  universe_mean  ic_mom  ic_lot  spread_mom_q5q1  spread_lot_q5q1  eff_mom  eff_lot  cap_mom  cap_lot  gate_wrongness
year                                                                                                                                                      
2018             0.2147        0.0844         0.0023 -0.0065  0.1094          -0.0100           0.0212  -0.0462   0.0977   0.2043   0.1929         -0.0312
2019             0.2592        0.1054         0.0248  0.0043  0.0652          -0.0004           0.0075   0.0005   0.0293   0.2186   0.1801         -0.0102
2020             0.3128        0.1238         0.0107  0.0600  0.0351           0.0159           0.0017   0.0516   0.0040   0.2393   0.1791         -0.0017
2021             0.3289        0.1312         0.0197  0.0269  0.0715           0.0041           0.0115   0.0128   0.0364   0.2207   0.1945         -0.0080
2022             0.2828        0.1121        -0.0063  0.0353  0.0880           0.0111           0.0202   0.0383   0.0714   0.2176   0.1851         -0.0130
2023             0.2492        0.0993         0.0014  0.0258  0.0658           0.0021           0.0125   0.0116   0.0503   0.2070   0.1762         -0.0033
2024             0.3021        0.1190         0.0076  0.0354  0.0748           0.0141           0.0172   0.0411   0.0614   0.2334   0.1871         -0.0070
2025             0.3021        0.1230         0.0367  0.0050  0.0663           0.0008           0.0087   0.0017   0.0264   0.2190   0.1833          0.0096
2026             0.2964        0.1178        -0.0361  0.0896  0.0199           0.0253          -0.0080   0.0892  -0.0264   0.2294   0.1611         -0.0334

====================================================================================================
2025 vs 2018-24 baseline (z-score)
====================================================================================================
  spread_top_bot_20      baseline=+0.2871  2025=+0.3021  z=+0.30
  universe_std           baseline=+0.1143  2025=+0.1230  z=+0.42
  universe_mean          baseline=+0.0094  2025=+0.0367  z=+0.38
  ic_mom                 baseline=+0.0303  2025=+0.0050  z=-0.35
  ic_lot                 baseline=+0.0679  2025=+0.0663  z=-0.02
  spread_mom_q5q1        baseline=+0.0073  2025=+0.0008  z=-0.30
  spread_lot_q5q1        baseline=+0.0120  2025=+0.0087  z=-0.13
  eff_mom                baseline=+0.0240  2025=+0.0017  z=-0.31
  eff_lot                baseline=+0.0436  2025=+0.0264  z=-0.21
  cap_mom                baseline=+0.2223  2025=+0.2190  z=-0.08
  cap_lot                baseline=+0.1839  2025=+0.1833  z=-0.02
  gate_wrongness         baseline=-0.0078  2025=+0.0096  z=+0.54

====================================================================================================
Attribution verdict
====================================================================================================
  Universe spread_top_bot_20 — baseline=0.2871  2025=0.3021  ratio=1.05
  Momentum efficiency       — baseline=0.0240  2025=0.0017  ratio=0.07
  Momentum IC               — baseline=0.0303  2025=0.0050
  Gate wrongness            — baseline=-0.0078  2025=0.0096

[attr] wrote /home/user/Factor_Zoo/logs/20260422_trend_technical_alpha/outputs/attribution_2025.json
[attr] wrote /home/user/Factor_Zoo/logs/20260422_trend_technical_alpha/outputs/attribution_2025_tape.csv
[attr] done 48.5s
