[fu2] building momentum panel via deployed factor code...
[factor] loading base...
  loaded 7,876,922 rows  58.5s
[factor] computing returns + controls...
[factor] cross-sectional residualization (per date)...
[factor] industry-demeaning...
[factor] building dispersion gate...
[factor] done in 74.9s, gate on-fraction = 0.441
[fu2] momentum panel: 7,604,203 rows  75.0s
[fu2] loading lottery α_17 panel...
[fu2] lottery panel: 7,876,922 rows  92.6s
[fu2] momentum panel after fwd merge: 7,604,203 rows  95.5s
[fu2] building dispersion gates...
[fu2] gate_mom on-frac = 0.457, gate_inv on-frac = 0.433, both-off = 0.110
[fu2] rebalance dates: 89  [2018-01-02 → 2025-04-08]
[fu2] S1 MOM-only (α_35 baseline)...
[fu2] S2 INV-only (α_17 × INV-gate)...
[fu2] S3 rotation (MOM→INV→cash)...
[fu2] S4 static 50/50 (ungated)...

============================================================================================
MOM ↔ Lottery rotation comparison
============================================================================================
metric                 S1 MOM     S2 INV     S3 ROT   S4 50/50
  ls_full            1.181   1.318   1.951   1.911
  ls_train           1.189   1.254   1.904   1.959
  ls_valid           0.962   1.234   1.624   1.998
  ls_test            1.379   1.758   2.378   2.025
  q5_full            0.627   0.945   1.080   0.981
  q5_test            0.951   1.959   1.413   1.344
  ls_maxdd          -0.060  -0.044  -0.075  -0.055
  worst_year_ls      0.000  -0.473   0.970   0.579
  best_year_ls       2.057   3.472   5.927   5.864
  worst_year_q5     -1.093  -1.013  -0.296  -0.593
  on_frac            0.427   0.449   0.876   1.000
  avg_cost_bps       3.605   5.153   6.062   5.004

Per-year LS Sharpe:
year       S1 MOM     S2 INV     S3 ROT   S4 50/50
  2018      0.000      1.718      1.718      3.327
  2019      1.361      0.696      1.451      0.579
  2020      1.280     -0.473      0.970      1.287
  2021      1.782      1.016      2.317      1.767
  2022      1.797      3.472      5.927      5.864
  2023      0.962      1.234      1.624      1.998
  2024      2.057      1.945      3.261      2.202

[fu2] S3 audit: {'worst_year_floor_05': True, 'best_year_out_50pct': False, 'headline_sharpe_12': True, 'q5_ir_1': True}
[fu2] wrote /home/user/Factor_Zoo/logs/20260422_trend_technical_alpha/outputs/followup_mom_lottery_rotation.json
[fu2] wrote /home/user/Factor_Zoo/logs/20260422_trend_technical_alpha/outputs/followup_mom_lottery_rotation_tape.csv
[fu2] done 129.3s
