[r3] loading α_17 panel + features...
[r3] tested 144 spec combos  417.1s

==============================================================================================================
Refined grid — top 20 by worst-year
==============================================================================================================
  #   lb  pct   sm    full   worst    2020    2025  on_fr  MaxDD%  PASS
   1   63   97 None   1.129   0.766   1.162   1.261  0.808   -4.18  PASS
   2   63   98 None   1.129   0.766   1.162   1.261  0.808   -4.18  PASS
   3   63   96 None   1.102   0.638   1.162   1.261  0.788   -4.18  PASS
   4  126   93   10   1.029   0.467   0.467   0.901  0.778   -4.18      
   5  126   94   10   1.029   0.467   0.467   0.901  0.778   -4.18      
   6  126   95   10   1.017   0.467   0.467   0.789  0.788   -4.18      
   7  126   96   10   1.017   0.467   0.467   0.789  0.788   -4.18      
   8  126   94 None   1.025   0.452   0.452   1.008  0.798   -4.18      
   9  126   95 None   1.025   0.452   0.452   1.008  0.798   -4.18      
  10  126   96 None   1.025   0.452   0.452   1.008  0.798   -4.18      
  11  126   97 None   1.021   0.452   0.452   1.072  0.828   -4.18      
  12  126   98 None   1.021   0.452   0.452   1.072  0.828   -4.18      
  13   90   97 None   0.978   0.452   0.452   0.770  0.808   -4.18      
  14  126   97   10   0.977   0.452   0.452   0.789  0.798   -4.18      
  15  126   98   10   0.977   0.452   0.452   0.789  0.798   -4.18      
  16   63   90   20   0.965   0.441   0.928   0.986  0.657   -4.18      
  17   63   92   20   0.989   0.387   0.928   0.515  0.697   -4.18      
  18   63   93   20   0.989   0.387   0.928   0.515  0.697   -4.18      
  19  126   92   10   1.049   0.253   0.253   0.802  0.747   -4.18      
  20  126   96   20   1.049   0.253   0.253   0.802  0.747   -4.18      

[r3] passing: 3/144

[r3] Winner: lb=63, pct=97, sm=None
  full_IR=1.129  worst=0.766
  2020=1.162  2025=1.261
  train/validate/test = 1.607 / 0.766 / 0.773
  on_frac=0.808  MaxDD=-4.18%
  per-year excess IR: {2018: 1.7957166807245866, 2019: 0.8551521728638222, 2020: 1.1624819892439608, 2021: 2.1641944332483964, 2022: 2.2813971926158283, 2023: 0.766397752786462, 2024: 0.8395436315512153, 2025: 1.2609235671559689}

[r3] wrote /home/user/Factor_Zoo/logs/20260422_lottery_megacap_overlay/outputs/overlay_round3.json
[r3] done 417.1s
