[  1/335] 159801.SZ    芯片ETF广发              1505 bars  1.49s  KEEP
[  2/335] 159804.SZ    创中盘88ETF国寿           1475 bars  0.64s  KEEP
[  3/335] 159805.SZ    传媒ETF                1463 bars  0.92s  KEEP
[  4/335] 159806.SZ    新能源车ETF国泰            1482 bars  0.74s  KEEP
[  5/335] 159807.SZ    科技ETF易方达             1476 bars  0.79s  KEEP
[  6/335] 159811.SZ    5GETF博时              1460 bars  0.68s  KEEP
[  7/335] 159813.SZ    半导体ETF               1440 bars  0.85s  KEEP
[  8/335] 159901.SZ    深证100ETF易方达          1775 bars  1.42s  KEEP
[  9/335] 159902.SZ    中小100ETF华夏           1776 bars  0.59s  KEEP
[ 10/335] 159903.SZ    深成ETF南方              1776 bars  0.93s  KEEP
[ 11/335] 159905.SZ    红利ETF工银              1776 bars  0.73s  KEEP
[ 12/335] 159906.SZ    深成长ETF大成             1776 bars  0.66s  KEEP
[ 13/335] 159907.SZ    国证2000ETF广发          1768 bars  0.64s  KEEP
[ 14/335] 159908.SZ    创业板ETF博时             1776 bars  0.58s  KEEP
[ 15/335] 159909.SZ    TMT50ETF招商           1775 bars  1.12s  KEEP
[ 16/335] 159910.SZ    基本面120ETF嘉实          1776 bars  0.58s  KEEP
[ 17/335] 159912.SZ    深300ETF汇添富           1776 bars  0.65s  KEEP
[ 18/335] 159913.SZ    深价值ETF交银             1733 bars  0.57s  KEEP
[ 19/335] 159915.SZ    创业板ETF易方达            1775 bars  0.63s  KEEP
[ 20/335] 159916.SZ    基本面ETF建信             1771 bars  0.66s  KEEP
[ 21/335] 159918.SZ    中创400ETF嘉实           1745 bars  0.65s  KEEP
[ 22/335] 159919.SZ    沪深300ETF嘉实           1775 bars  0.68s  KEEP
[ 23/335] 159920.SZ    恒生ETF华夏              1776 bars  1.04s  KEEP
[ 24/335] 159922.SZ    中证500ETF嘉实           1776 bars  0.60s  KEEP
[ 25/335] 159923.SZ    中证A100ETF大成          1775 bars  0.69s  KEEP
[ 26/335] 159925.SZ    沪深300ETF南方           1774 bars  0.92s  KEEP
[ 27/335] 159928.SZ    消费ETF                1776 bars  0.64s  KEEP
[ 28/335] 159929.SZ    医药ETF                1776 bars  3.46s  KEEP
[ 29/335] 159930.SZ    能源ETF                1776 bars  1.76s  KEEP
[ 30/335] 159931.SZ    金融ETF                1776 bars  0.71s  KEEP
[ 31/335] 159933.SZ    金融地产ETF国投瑞银          1726 bars  1.29s  KEEP
[ 32/335] 159935.SZ    中证500ETF景顺           1761 bars  0.71s  KEEP
[ 33/335] 159936.SZ    可选消费ETF广发            1776 bars  1.17s  KEEP
[ 34/335] 159938.SZ    医药ETF广发              1776 bars  1.05s  KEEP
[ 35/335] 159939.SZ    信息技术ETF广发            1776 bars  1.02s  KEEP
[ 36/335] 159940.SZ    金融地产ETF广发            1776 bars  0.72s  KEEP
[ 37/335] 159941.SZ    纳指ETF广发              1776 bars  0.70s  KEEP
[ 38/335] 159943.SZ    深证成指ETF大成            1776 bars  0.91s  KEEP
[ 39/335] 159944.SZ    材料ETF广发              1772 bars  1.02s  KEEP
[ 40/335] 159945.SZ    能源ETF广发              1775 bars  0.72s  KEEP
[ 41/335] 159948.SZ    创业板ETF南方             1774 bars  0.69s  KEEP
[ 42/335] 159949.SZ    创业板50ETF华安           1776 bars  0.97s  KEEP
[ 43/335] 159952.SZ    创业板ETF广发             1774 bars  0.72s  KEEP
[ 44/335] 159954.SZ    恒生中国企业ETF南方          1776 bars  0.83s  KEEP
[ 45/335] 159956.SZ    创业板ETF建信             1775 bars  0.85s  KEEP
[ 46/335] 159957.SZ    创业板ETF华夏             1776 bars  0.89s  KEEP
[ 47/335] 159958.SZ    创业板ETF工银             1776 bars  0.86s  KEEP
[ 48/335] 159959.SZ    央企ETF银华              1764 bars  0.71s  KEEP
[ 49/335] 159960.SZ    恒生中国企业ETF平安          1772 bars  1.33s  KEEP
[ 50/335] 159961.SZ    深100ETF方正富邦          1760 bars  0.71s  KEEP
[ 51/335] 159964.SZ    创业板ETF平安             1705 bars  0.82s  KEEP
[ 52/335] 159965.SZ    央视50ETF国联            1702 bars  0.76s  KEEP
[ 53/335] 159966.SZ    创业板价值ETF华夏           1648 bars  0.82s  KEEP
[ 54/335] 159967.SZ    创业板成长ETF华夏           1648 bars  0.73s  KEEP
[ 55/335] 159968.SZ    中证500ETF博时           1576 bars  0.82s  KEEP
[ 56/335] 159970.SZ    深100ETF工银            1521 bars  1.11s  KEEP
[ 57/335] 159971.SZ    创业板ETF富国             1655 bars  0.75s  KEEP
[ 58/335] 159973.SZ    民企ETF弘毅远方            1617 bars  0.80s  KEEP
[ 59/335] 159974.SZ    央企创新ETF富国            1537 bars  0.75s  KEEP
[ 60/335] 159975.SZ    深100ETF招商            1532 bars  1.24s  KEEP
[ 61/335] 159976.SZ    湾创ETF工银              1517 bars  0.69s  KEEP
[ 62/335] 159977.SZ    创业板ETF天弘             1595 bars  0.72s  KEEP
[ 63/335] 159982.SZ    中证500ETF鹏华           1503 bars  0.79s  KEEP
[ 64/335] 159991.SZ    创业板大盘ETF招商           1458 bars  0.74s  KEEP
[ 65/335] 159992.SZ    创新药ETF               1468 bars  0.76s  KEEP
[ 66/335] 159993.SZ    证券ETF鹏华              1512 bars  0.80s  KEEP
[ 67/335] 159994.SZ    通信ETF银华              1497 bars  0.65s  KEEP
[ 68/335] 159995.SZ    芯片ETF华夏              1511 bars  0.88s  KEEP
[ 69/335] 159996.SZ    家电ETF国泰              1486 bars  1.34s  KEEP
[ 70/335] 159997.SZ    电子ETF                1482 bars  0.70s  KEEP
[ 71/335] 159998.SZ    计算机ETF               1467 bars  1.01s  KEEP
[ 72/335] 160119.SZ    500ETF联接LOF          1775 bars  0.71s  KEEP
[ 73/335] 160223.SZ    创业板LOF               1776 bars  0.82s  KEEP
[ 74/335] 160225.SZ    新能源汽车LOF             1776 bars  1.01s  KEEP
[ 75/335] 160416.SZ    石油基金LOF              1776 bars  0.84s  KEEP
[ 76/335] 160615.SZ    鹏华300LOF             1662 bars  0.74s  KEEP
[ 77/335] 160616.SZ    鹏华500LOF             1606 bars  0.76s  KEEP
[ 78/335] 160635.SZ    医药LOF基金              1771 bars  0.70s  KEEP
[ 79/335] 160643.SZ    空天军工LOF              1728 bars  0.72s  KEEP
[ 80/335] 160706.SZ    沪深300LOF             1776 bars  0.75s  KEEP
[ 81/335] 160716.SZ    基本面50LOF             1776 bars  0.71s  KEEP
[ 82/335] 160717.SZ    H股LOF                1775 bars  0.89s  KEEP
[ 83/335] 160806.SZ    长盛中证800LOF           1430 bars  1.02s  KEEP
[ 84/335] 160807.SZ    长盛沪深300LOF           1612 bars  0.77s  KEEP
[ 85/335] 160924.SZ    恒生指数LOF              1644 bars  0.69s  KEEP
[ 86/335] 160925.SZ    沪深港300LOF            1270 bars  0.69s  KEEP
[ 87/335] 161017.SZ    500增强LOF             1776 bars  0.73s  KEEP
[ 88/335] 161029.SZ    银行龙头LOF              1620 bars  0.89s  KEEP
[ 89/335] 161033.SZ    智能汽车LOF              1776 bars  0.84s  KEEP
[ 90/335] 161035.SZ    医药增强LOF              1764 bars  0.68s  KEEP
[ 91/335] 161036.SZ    娱乐增强LOF              1654 bars  0.74s  KEEP
[ 92/335] 161037.SZ    高端制造LOF              1763 bars  0.72s  KEEP
[ 93/335] 161039.SZ    1000增强LOF            1732 bars  0.77s  KEEP
[ 94/335] 161118.SZ    中小企业100LOF           1545 bars  0.76s  KEEP
[ 95/335] 161124.SZ    港股小盘LOF              1559 bars  0.77s  KEEP
[ 96/335] 161125.SZ    标普500LOF             1773 bars  1.54s  KEEP
[ 97/335] 161126.SZ    标普医疗保健LOF            1745 bars  0.71s  KEEP
[ 98/335] 161127.SZ    标普生物科技LOF            1774 bars  0.77s  KEEP
[ 99/335] 161128.SZ    标普信息科技LOF            1772 bars  1.10s  KEEP
[100/335] 161130.SZ    纳斯达克100LOF           1728 bars  0.74s  KEEP
[101/335] 161217.SZ    国投资源LOF              1656 bars  0.81s  KEEP
[102/335] 161227.SZ    国投深证100LOF           1774 bars  0.74s  KEEP
[103/335] 161607.SZ    巨潮100LOF             1600 bars  0.98s  KEEP
[104/335] 161631.SZ    人工智能LOF              1776 bars  1.12s  KEEP
[105/335] 161715.SZ    大宗商品LOF              1765 bars  0.84s  KEEP
[106/335] 161831.SZ    恒生国企LOF              1758 bars  0.83s  KEEP
[107/335] 162216.SZ    宏利500增强LOF           1374 bars  0.77s  KEEP
[108/335] 162307.SZ    海富通A100LOF           1340 bars  0.74s  KEEP
[109/335] 162411.SZ    华宝油气LOF              1776 bars  0.83s  KEEP
[110/335] 162415.SZ    美国消费LOF              1776 bars  0.81s  KEEP
[111/335] 162711.SZ    中证500LOF             1742 bars  0.89s  KEEP
[112/335] 162719.SZ    石油LOF                1773 bars  0.83s  KEEP
[113/335] 163111.SZ    申万中小LOF              1721 bars  0.93s  KEEP
[114/335] 163407.SZ    兴全沪深300LOF           1776 bars  0.80s  KEEP
[115/335] 163821.SZ    沪深300等权LOF           1247 bars  1.61s  KEEP
[116/335] 164508.SZ    国富中证A100LOF          1108 bars  0.71s  KEEP
[117/335] 164705.SZ    恒生LOF                1747 bars  1.35s  KEEP
[118/335] 164906.SZ    中概互联网LOF             1776 bars  0.93s  KEEP
[119/335] 165309.SZ    沪深300LOF建信           1585 bars  0.75s  KEEP
[120/335] 165525.SZ    基建工程LOF              1776 bars  1.29s  KEEP
[121/335] 167302.SZ    大湾区LOF               1224 bars  1.02s  KEEP
[122/335] 167506.SZ    安信深圳科技LOF            1436 bars  0.74s  KEEP
[123/335] 168701.SZ    金融科技LOF              1413 bars  0.74s  KEEP
[124/335] 501005.SH    精准医疗LOF              1776 bars  0.79s  KEEP
[125/335] 501007.SH    互联网医疗LOF             1724 bars  0.76s  KEEP
[126/335] 501008.SH    互联网医疗LOFC            1637 bars  0.88s  KEEP
[127/335] 501009.SH    生物科技LOF              1776 bars  0.90s  KEEP
[128/335] 501010.SH    生物科技LOFC             1724 bars  0.77s  KEEP
[129/335] 501011.SH    中药基金LOF              1775 bars  0.79s  KEEP
[130/335] 501012.SH    中药基金LOFC             1754 bars  0.77s  KEEP
[131/335] 501016.SH    券商基金LOF              1776 bars  0.78s  KEEP
[132/335] 501019.SH    军工基金LOF              1776 bars  0.81s  KEEP
[133/335] 501021.SH    香港中小LOF              1776 bars  0.88s  KEEP
[134/335] 501023.SH    港中小企LOF               524 bars  0.67s  DROP
[135/335] 501025.SH    香港银行LOF              1753 bars  1.26s  KEEP
[136/335] 501029.SH    红利基金LOF              1776 bars  0.77s  KEEP
[137/335] 501030.SH    环境治理LOF              1773 bars  0.75s  KEEP
[138/335] 501031.SH    环境治理LOFC             1729 bars  0.75s  KEEP
[139/335] 501036.SH    中证500LOF             1769 bars  0.76s  KEEP
[140/335] 501037.SH    中证500LOFC            1629 bars  0.76s  KEEP
[141/335] 501043.SH    沪深300LOF             1776 bars  0.91s  KEEP
[142/335] 501045.SH    沪深300LOFC            1745 bars  1.25s  KEEP
[143/335] 501047.SH    证券公司LOF              1718 bars  0.76s  KEEP
[144/335] 501048.SH    证券公司LOFC             1731 bars  0.76s  KEEP
[145/335] 501050.SH    50AHLOF              1776 bars  0.77s  KEEP
[146/335] 501057.SH    新能源车LOF              1776 bars  0.81s  KEEP
[147/335] 501058.SH    新能源车LOFC             1748 bars  0.77s  KEEP
[148/335] 501059.SH    国企红利LOF              1633 bars  0.76s  KEEP
[149/335] 501060.SH    金选300A类LOF           1520 bars  0.74s  KEEP
[150/335] 501061.SH    金选300C类LOF            936 bars  0.79s  DROP
[151/335] 501089.SH    消费红利增强LOF            1533 bars  0.76s  KEEP
[152/335] 501090.SH    消费龙头LOF              1530 bars  0.79s  KEEP
[153/335] 501301.SH    香港大盘LOF              1763 bars  0.76s  KEEP
[154/335] 501302.SH    恒生指数基金LOF            1680 bars  0.98s  KEEP
[155/335] 501303.SH    恒生中型股LOF             1551 bars  0.74s  KEEP
[156/335] 501305.SH    港股高股息LOF             1676 bars  0.76s  KEEP
[157/335] 501306.SH    港股高股息LOFC            1476 bars  0.73s  KEEP
[158/335] 501307.SH    沪港深红利LOF             1337 bars  3.53s  KEEP
[159/335] 501310.SH    价值基金LOF              1748 bars  2.45s  KEEP
[160/335] 501311.SH    港股通新经济LOF            1678 bars  1.82s  KEEP
[161/335] 502000.SH    500增强LOF             1639 bars  0.78s  KEEP
[162/335] 5020001.SH   500等权                   0 bars  0.59s  DROP
[163/335] 502003.SH    军工LOF                1767 bars  1.58s  KEEP
[164/335] 502006.SH    国企改革LOF              1744 bars  2.24s  KEEP
[165/335] 502010.SH    证券LOF                1767 bars  0.98s  KEEP
[166/335] 502013.SH    一带一路LOF              1769 bars  1.54s  KEEP
[167/335] 5020201.SH   国金50                    0 bars  0.59s  DROP
[168/335] 502023.SH    钢铁LOF                1709 bars  1.31s  KEEP
[169/335] 502048.SH    上证50LOF              1771 bars  0.78s  KEEP
[170/335] 502053.SH    券商LOF                1748 bars  1.71s  KEEP
[171/335] 502056.SH    医疗基金LOF              1758 bars  1.27s  KEEP
[172/335] 5020561.SH   医疗分级                    0 bars  0.62s  DROP
[173/335] 510010.SH    180治理ETF交银           1760 bars  1.25s  KEEP
[174/335] 510020.SH    超大盘ETF博时             1772 bars  0.77s  KEEP
[175/335] 510030.SH    价值ETF华宝              1775 bars  0.78s  KEEP
[176/335] 510050.SH    上证50ETF华夏            1776 bars  0.82s  KEEP
[177/335] 510060.SH    央企ETF工银              1776 bars  0.93s  KEEP
[178/335] 510090.SH    责任ETF建信              1691 bars  1.50s  KEEP
[179/335] 510100.SH    上证50ETF易方达           1591 bars  0.76s  KEEP
[180/335] 510130.SH    上证中盘ETF易方达           1716 bars  0.76s  KEEP
[181/335] 510150.SH    消费ETF招商              1775 bars  0.80s  KEEP
[182/335] 510160.SH    产业升级ETF南方            1776 bars  1.02s  KEEP
[183/335] 510170.SH    大宗商品ETF国联安           1770 bars  0.77s  KEEP
[184/335] 510180.SH    上证180ETF华安           1776 bars  0.82s  KEEP
[185/335] 510190.SH    上证50ETF华安            1769 bars  1.02s  KEEP
[186/335] 510200.SH    上证券商ETF汇安            1451 bars  0.75s  KEEP
[187/335] 510210.SH    上证指数ETF富国            1775 bars  0.79s  KEEP
[188/335] 510230.SH    金融ETF国泰              1775 bars  0.80s  KEEP
[189/335] 510270.SH    国企ETF中银              1769 bars  0.77s  KEEP
[190/335] 510290.SH    上证380ETF南方           1775 bars  0.76s  KEEP
[191/335] 510300.SH    沪深300ETF华泰柏瑞         1776 bars  0.85s  KEEP
[192/335] 510310.SH    沪深300ETF易方达          1776 bars  1.28s  KEEP
[193/335] 510330.SH    沪深300ETF华夏           1776 bars  1.05s  KEEP
[194/335] 510350.SH    沪深300ETF工银           1624 bars  0.76s  KEEP
[195/335] 510360.SH    沪深300ETF广发           1776 bars  0.91s  KEEP
[196/335] 510380.SH    沪深300ETF国寿           1706 bars  1.08s  KEEP
[197/335] 510390.SH    沪深300ETF平安           1776 bars  1.01s  KEEP
[198/335] 510410.SH    资源ETF博时              1776 bars  1.29s  KEEP
[199/335] 510500.SH    中证500ETF南方           1776 bars  0.92s  KEEP
[200/335] 510510.SH    中证500ETF广发           1776 bars  0.98s  KEEP
[201/335] 510530.SH    中证500ETF工银           1531 bars  0.86s  KEEP
[202/335] 510550.SH    中证500ETF方正富邦         1766 bars  1.38s  KEEP
[203/335] 510560.SH    中证500ETF国寿           1611 bars  0.82s  KEEP
[204/335] 510580.SH    中证500ETF易方达          1775 bars  1.55s  KEEP
[205/335] 510590.SH    中证500ETF平安           1776 bars  0.67s  KEEP
[206/335] 510600.SH    上证50ETF申万菱信          1776 bars  0.64s  KEEP
[207/335] 510630.SH    消费ETF华夏              1775 bars  0.69s  KEEP
[208/335] 510650.SH    金融地产ETF华夏            1771 bars  0.96s  KEEP
[209/335] 510660.SH    医药ETF华夏              1776 bars  0.64s  KEEP
[210/335] 510680.SH    上证50ETF万家            1735 bars  1.46s  KEEP
[211/335] 510710.SH    上证50ETF博时            1776 bars  0.70s  KEEP
[212/335] 510800.SH    上证50ETF建信            1776 bars  0.73s  KEEP
[213/335] 510810.SH    上海国企ETF汇添富           1768 bars  0.70s  KEEP
[214/335] 510850.SH    上证50ETF工银            1736 bars  0.70s  KEEP
[215/335] 510880.SH    红利ETF华泰柏瑞            1776 bars  0.81s  KEEP
[216/335] 510900.SH    恒生中国企业ETF易方达         1776 bars  0.79s  KEEP
[217/335] 512000.SH    券商ETF华宝              1776 bars  0.84s  KEEP
[218/335] 512010.SH    医药ETF易方达             1775 bars  0.70s  KEEP
[219/335] 512040.SH    价值100ETF富国           1776 bars  0.78s  KEEP
[220/335] 512070.SH    证券保险ETF易方达           1775 bars  0.75s  KEEP
[221/335] 512090.SH    MSCIA股ETF易方达         1776 bars  0.74s  KEEP
[222/335] 512100.SH    中证1000ETF南方          1775 bars  0.91s  KEEP
[223/335] 512120.SH    医药ETF华安              1775 bars  0.80s  KEEP
[224/335] 512150.SH    富时A50ETF汇安           1763 bars  0.79s  KEEP
[225/335] 512160.SH    MSCI中国A股ETF南方        1776 bars  0.91s  KEEP
[226/335] 512170.SH    医疗ETF华宝              1667 bars  0.77s  KEEP
[227/335] 512180.SH    MSCIA股ETF建信          1767 bars  0.71s  KEEP
[228/335] 512190.SH    浙商之江凤凰ETF            1585 bars  0.61s  KEEP
[229/335] 512200.SH    房地产ETF南方             1776 bars  0.70s  KEEP
[230/335] 512220.SH    TMTETF               1769 bars  0.73s  KEEP
[231/335] 512260.SH    中证500低波动ETF华安        1769 bars  0.63s  KEEP
[232/335] 512290.SH    生物医药ETF国泰            1687 bars  0.64s  KEEP
[233/335] 512330.SH    信息科技ETF南方            1776 bars  0.72s  KEEP
[234/335] 512360.SH    MSCIA股ETF平安          1692 bars  0.79s  KEEP
[235/335] 512380.SH    MSCI中国ETF银华          1698 bars  0.93s  KEEP
[236/335] 512390.SH    中国低波ETF平安            1675 bars  0.63s  KEEP
[237/335] 512400.SH    有色金属ETF南方            1776 bars  0.65s  KEEP
[238/335] 512480.SH    半导体ETF国联安            1670 bars  1.28s  KEEP
[239/335] 512500.SH    中证500ETF华夏           1776 bars  0.64s  KEEP
[240/335] 512510.SH    中证500ETF华泰柏瑞         1776 bars  1.06s  KEEP
[241/335] 512520.SH    MSCI中国ETF华泰柏瑞        1776 bars  0.63s  KEEP
[242/335] 512530.SH    沪深300红利ETF建信         1599 bars  0.61s  KEEP
[243/335] 512550.SH    富时A50ETF嘉实           1776 bars  0.73s  KEEP
[244/335] 512560.SH    军工ETF易方达             1774 bars  0.69s  KEEP
[245/335] 512570.SH    证券ETF易方达             1776 bars  0.77s  KEEP
[246/335] 512580.SH    环保ETF广发              1776 bars  0.69s  KEEP
[247/335] 512600.SH    消费ETF嘉实              1774 bars  0.70s  KEEP
[248/335] 512640.SH    金融地产ETF嘉实            1727 bars  0.68s  KEEP
[249/335] 512650.SH    长三角ETF汇添富            1579 bars  0.67s  KEEP
[250/335] 512660.SH    军工ETF国泰              1776 bars  0.73s  KEEP
[251/335] 512670.SH    国防ETF鹏华              1634 bars  0.68s  KEEP
[252/335] 512680.SH    军工ETF广发              1776 bars  0.78s  KEEP
[253/335] 512690.SH    酒ETF鹏华               1696 bars  0.70s  KEEP
[254/335] 512700.SH    银行ETF南方              1776 bars  0.77s  KEEP
[255/335] 512710.SH    军工龙头ETF富国            1617 bars  0.69s  KEEP
[256/335] 512720.SH    计算机ETF国泰             1624 bars  0.77s  KEEP
[257/335] 512730.SH    银行ETF鹏华              1512 bars  0.70s  KEEP
[258/335] 512750.SH    基本面50ETF嘉实           1654 bars  0.62s  KEEP
[259/335] 512760.SH    芯片ETF国泰              1670 bars  0.64s  KEEP
[260/335] 512770.SH    战略新兴ETF华夏            1776 bars  0.77s  KEEP
[261/335] 512800.SH    银行ETF华宝              1776 bars  1.01s  KEEP
[262/335] 512810.SH    军工ETF华宝              1776 bars  0.69s  KEEP
[263/335] 512820.SH    银行ETF汇添富             1775 bars  0.63s  KEEP
[264/335] 512870.SH    杭州湾区ETF南华            1692 bars  0.72s  KEEP
[265/335] 512880.SH    证券ETF国泰              1776 bars  0.99s  KEEP
[266/335] 512890.SH    红利低波ETF华泰柏瑞          1763 bars  0.92s  KEEP
[267/335] 512900.SH    证券ETF南方              1776 bars  0.72s  KEEP
[268/335] 512910.SH    A100ETF广发            1658 bars  0.79s  KEEP
[269/335] 512930.SH    AI人工智能ETF平安          1619 bars  0.63s  KEEP
[270/335] 512950.SH    央企改革ETF华夏            1764 bars  0.96s  KEEP
[271/335] 512960.SH    央企结构调整ETF博时          1764 bars  0.88s  KEEP
[272/335] 512970.SH    大湾区ETF平安             1568 bars  0.74s  KEEP
[273/335] 512980.SH    传媒ETF广发              1776 bars  0.64s  KEEP
[274/335] 512990.SH    MSCIA股ETF华夏          1776 bars  0.82s  KEEP
[275/335] 513000.SH    日经225ETF易方达          1662 bars  0.76s  KEEP
[276/335] 513030.SH    德国ETF华安              1775 bars  0.69s  KEEP
[277/335] 513050.SH    中概互联网ETF易方达          1776 bars  0.65s  KEEP
[278/335] 513080.SH    法国ETF华安              1425 bars  0.80s  KEEP
[279/335] 513090.SH    香港证券ETF易方达           1478 bars  0.76s  KEEP
[280/335] 513100.SH    纳指ETF国泰              1775 bars  0.73s  KEEP
[281/335] 513500.SH    标普500ETF博时           1775 bars  0.70s  KEEP
[282/335] 513520.SH    日经ETF华夏              1662 bars  0.63s  KEEP
[283/335] 513600.SH    恒生指数ETF南方            1775 bars  0.73s  KEEP
[284/335] 513660.SH    恒生ETF华夏              1773 bars  0.84s  KEEP
[285/335] 513800.SH    日本东证指数ETF南方          1662 bars  0.62s  KEEP
[286/335] 513880.SH    日经225ETF华安           1662 bars  0.75s  KEEP
[287/335] 513900.SH    港股通100ETF华安          1768 bars  0.69s  KEEP
[288/335] 515000.SH    科技ETF华宝              1624 bars  1.22s  KEEP
[289/335] 515010.SH    证券ETF华夏              1571 bars  0.75s  KEEP
[290/335] 515020.SH    银行ETF华夏              1553 bars  0.70s  KEEP
[291/335] 515030.SH    新能源车ETF华夏            1494 bars  0.68s  KEEP
[292/335] 515050.SH    通信ETF华夏              1587 bars  0.72s  KEEP
[293/335] 515060.SH    房地产ETF华夏             1531 bars  0.67s  KEEP
[294/335] 515070.SH    人工智能ETF华夏            1538 bars  0.66s  KEEP
[295/335] 515080.SH    中证红利ETF招商            1535 bars  0.75s  KEEP
[296/335] 515090.SH    可持续发展ETF博时           1502 bars  1.82s  KEEP
[297/335] 515110.SH    一带一路ETF易方达           1523 bars  0.82s  KEEP
[298/335] 515130.SH    沪深300ETF博时           1450 bars  0.65s  KEEP
[299/335] 515150.SH    一带一路ETF富国            1523 bars  1.78s  KEEP
[300/335] 515160.SH    MSCI中国ETF招商          1496 bars  0.73s  KEEP
[301/335] 515180.SH    红利ETF易方达             1540 bars  0.69s  KEEP
[302/335] 515190.SH    中证500ETF中银证券         1426 bars  0.68s  KEEP
[303/335] 515200.SH    创新100ETF申万菱信         1565 bars  0.63s  KEEP
[304/335] 515210.SH    钢铁ETF国泰              1496 bars  0.67s  KEEP
[305/335] 515220.SH    煤炭ETF国泰              1496 bars  0.77s  KEEP
[306/335] 515300.SH    300红利低波ETF嘉实         1601 bars  0.63s  KEEP
[307/335] 515310.SH    沪深300ETF汇添富          1537 bars  1.18s  KEEP
[308/335] 515330.SH    沪深300ETF天弘           1536 bars  0.75s  KEEP
[309/335] 515350.SH    沪深300ETF民生加银         1512 bars  1.45s  KEEP
[310/335] 515360.SH    沪深300ETF方正富邦         1568 bars  0.68s  KEEP
[311/335] 515380.SH    沪深300ETF泰康           1481 bars  0.64s  KEEP
[312/335] 515390.SH    沪深300ETF华安           1526 bars  0.62s  KEEP
[313/335] 515450.SH    红利低波50ETF南方          1499 bars  0.75s  KEEP
[314/335] 515550.SH    中证500ETF国联           1522 bars  1.49s  KEEP
[315/335] 515580.SH    科技100ETF华泰柏瑞         1578 bars  0.69s  KEEP
[316/335] 515590.SH    500等权ETF前海开源         1517 bars  0.68s  KEEP
[317/335] 515600.SH    央企创新ETF广发            1539 bars  0.68s  KEEP
[318/335] 515630.SH    证券保险ETF鹏华            1472 bars  0.70s  KEEP
[319/335] 515650.SH    消费50ETF富国            1569 bars  1.24s  KEEP
[320/335] 515660.SH    沪深300ETF国联安          1538 bars  0.70s  KEEP
[321/335] 515680.SH    央企创新ETF嘉实            1540 bars  0.76s  KEEP
[322/335] 515700.SH    新能源车ETF平安            1511 bars  1.33s  KEEP
[323/335] 515750.SH    科技50ETF富国            1550 bars  0.63s  KEEP
[324/335] 515770.SH    MSCI中国A股ETF摩根        1421 bars  0.68s  KEEP
[325/335] 515800.SH    800ETF               1544 bars  0.76s  KEEP
[326/335] 515810.SH    中证800ETF易方达          1580 bars  0.79s  KEEP
[327/335] 515850.SH    证券ETF富国              1502 bars  0.75s  KEEP
[328/335] 515860.SH    科技ETF嘉实              1583 bars  0.63s  KEEP
[329/335] 515880.SH    通信ETF国泰              1609 bars  0.88s  KEEP
[330/335] 515890.SH    红利ETF博时              1462 bars  0.76s  KEEP
[331/335] 515900.SH    央企创新ETF博时            1542 bars  0.73s  KEEP
[332/335] 515950.SH    医药50ETF富国            1474 bars  0.66s  KEEP
[333/335] 515960.SH    医药ETF嘉实              1428 bars  0.74s  KEEP
[334/335] 515980.SH    人工智能ETF              1511 bars  0.77s  KEEP
[335/335] 515990.SH    一带一路ETF汇添富           1518 bars  0.74s  KEEP

TOTAL rows=552195 symbols=330 date_min=2019-01-02 date_max=2026-04-30 elapsed=351.3s
