[159901.SZ   ]  1773 bars  2019-01-02 → 2026-04-30  KEEP
[159902.SZ   ]  1773 bars  2019-01-02 → 2026-04-30  KEEP
[159903.SZ   ]  1773 bars  2019-01-02 → 2026-04-30  KEEP
[159905.SZ   ]  1773 bars  2019-01-02 → 2026-04-30  KEEP
[159907.SZ   ]  1773 bars  2019-01-02 → 2026-04-30  KEEP
[159912.SZ   ]  1773 bars  2019-01-02 → 2026-04-30  KEEP
[159919.SZ   ]  1773 bars  2019-01-02 → 2026-04-30  KEEP
[159920.SZ   ]  1773 bars  2019-01-02 → 2026-04-30  KEEP
[159922.SZ   ]  1773 bars  2019-01-02 → 2026-04-30  KEEP
[159928.SZ   ]  1750 bars  2019-01-02 → 2026-04-30  KEEP
[159929.SZ   ]  1750 bars  2019-01-02 → 2026-04-30  KEEP
[159930.SZ   ]  1750 bars  2019-01-02 → 2026-04-30  KEEP
[159931.SZ   ]  1750 bars  2019-01-02 → 2026-04-30  KEEP
[159938.SZ   ]  1773 bars  2019-01-02 → 2026-04-30  KEEP
[159967.SZ   ]  1651 bars  2019-06-21 → 2026-04-30  KEEP
[159968.SZ   ]  1590 bars  2019-08-01 → 2026-04-30  KEEP
[159973.SZ   ]  1595 bars  2019-08-09 → 2026-04-30  KEEP
[159985.SZ   ]  1562 bars  2019-09-24 → 2026-04-30  KEEP
[162411.SZ   ]     1 bars  2026-04-30 → 2026-04-30  DROP (too short)
[510060.SS   ]  1773 bars  2019-01-02 → 2026-04-30  KEEP
[510170.SS   ]  1773 bars  2019-01-02 → 2026-04-30  KEEP
[510210.SS   ]  1773 bars  2019-01-02 → 2026-04-30  KEEP
[510310.SS   ]  1773 bars  2019-01-02 → 2026-04-30  KEEP
[510330.SS   ]  1773 bars  2019-01-02 → 2026-04-30  KEEP
[510510.SS   ]  1773 bars  2019-01-02 → 2026-04-30  KEEP
[510630.SS   ]  1773 bars  2019-01-02 → 2026-04-30  KEEP
[510650.SS   ]  1773 bars  2019-01-02 → 2026-04-30  KEEP
[510660.SS   ]  1773 bars  2019-01-02 → 2026-04-30  KEEP
[510710.SS   ]   136 bars  2025-10-09 → 2026-04-30  DROP (too short)
[510810.SS   ]  1773 bars  2019-01-02 → 2026-04-30  KEEP
[511010.SS   ]  1773 bars  2019-01-02 → 2026-04-30  KEEP
[511220.SS   ]  1773 bars  2019-01-02 → 2026-04-30  KEEP
[511260.SS   ]  1773 bars  2019-01-02 → 2026-04-30  KEEP
[511810.SS   ]  1750 bars  2019-01-02 → 2026-04-30  KEEP
[511880.SS   ]     1 bars  2026-04-30 → 2026-04-30  DROP (too short)
[513050.SS   ]  1750 bars  2019-01-02 → 2026-04-30  KEEP
[513100.SS   ]  1774 bars  2019-01-02 → 2026-04-30  KEEP
[513500.SS   ]  1774 bars  2019-01-02 → 2026-04-30  KEEP
[513900.SS   ]  1773 bars  2019-01-02 → 2026-04-30  KEEP

Final merged symbols: 70
